
There are no discarded input sections

Memory Configuration

Name             Origin             Length             Attributes
*default*        0x0000000000000000 0xffffffffffffffff

Linker script and memory map

                0x0000000080200000                . = 0x80200000

.text.boot      0x0000000080200000       0x18
 *(.text.boot)
 .text.boot     0x0000000080200000       0x18 build_src/boot_s.o
                0x0000000080200000                _start

.text           0x0000000080200018      0x190
 *(.text)
 .text          0x0000000080200018       0x20 build_src/kernel_c.o
                0x0000000080200018                kernel_main
 .text          0x0000000080200038      0x170 build_src/uart_c.o
                0x0000000080200038                uart_send
                0x000000008020008c                uart_send_string
                0x00000000802000ec                uart_init
 .text          0x00000000802001a8        0x0 build_src/boot_s.o

.rodata         0x00000000802001a8       0x12
 *(.rodata)
 .rodata        0x00000000802001a8       0x12 build_src/kernel_c.o

.eh_frame       0x00000000802001c0       0x80
 .eh_frame      0x00000000802001c0       0x30 build_src/kernel_c.o
 .eh_frame      0x00000000802001f0       0x50 build_src/uart_c.o
                                         0x68 (size before relaxing)

.data           0x0000000080201000     0x1000
 *(.data)
 .data          0x0000000080201000        0x0 build_src/kernel_c.o
 .data          0x0000000080201000        0x0 build_src/uart_c.o
 .data          0x0000000080201000     0x1000 build_src/boot_s.o
                0x0000000080201000                stacks_start

.sdata          0x0000000080202000        0x4
 .sdata         0x0000000080202000        0x4 build_src/uart_c.o
                0x0000000080202008                . = ALIGN (0x8)
                0x0000000080202008                bss_begin = .

.bss            0x0000000080202008        0x0
 *(.bss*)
 .bss           0x0000000080202008        0x0 build_src/kernel_c.o
 .bss           0x0000000080202008        0x0 build_src/uart_c.o
 .bss           0x0000000080202008        0x0 build_src/boot_s.o
                0x0000000080202008                bss_end = .
LOAD build_src/kernel_c.o
LOAD build_src/uart_c.o
LOAD build_src/boot_s.o
OUTPUT(build_src/benos.elf elf64-littleriscv)

.debug_info     0x0000000000000000      0x2a3
 .debug_info    0x0000000000000000       0x70 build_src/kernel_c.o
 .debug_info    0x0000000000000070      0x20b build_src/uart_c.o
 .debug_info    0x000000000000027b       0x28 build_src/boot_s.o

.debug_abbrev   0x0000000000000000      0x150
 .debug_abbrev  0x0000000000000000       0x70 build_src/kernel_c.o
 .debug_abbrev  0x0000000000000070       0xcc build_src/uart_c.o
 .debug_abbrev  0x000000000000013c       0x14 build_src/boot_s.o

.debug_aranges  0x0000000000000000       0x90
 .debug_aranges
                0x0000000000000000       0x30 build_src/kernel_c.o
 .debug_aranges
                0x0000000000000030       0x30 build_src/uart_c.o
 .debug_aranges
                0x0000000000000060       0x30 build_src/boot_s.o

.debug_line     0x0000000000000000      0x2d3
 .debug_line    0x0000000000000000       0x6d build_src/kernel_c.o
 .debug_line    0x000000000000006d      0x202 build_src/uart_c.o
 .debug_line    0x000000000000026f       0x64 build_src/boot_s.o

.debug_str      0x0000000000000000      0x15f
 .debug_str     0x0000000000000000      0x15f build_src/kernel_c.o
                                         0xb4 (size before relaxing)
 .debug_str     0x000000000000015f       0xe5 build_src/uart_c.o
 .debug_str     0x000000000000015f       0x73 build_src/boot_s.o

.debug_line_str
                0x0000000000000000       0x8e
 .debug_line_str
                0x0000000000000000       0x8e build_src/kernel_c.o
                                         0xea (size before relaxing)
 .debug_line_str
                0x000000000000008e       0xd5 build_src/uart_c.o
 .debug_line_str
                0x000000000000008e       0x67 build_src/boot_s.o

.comment        0x0000000000000000       0x1b
 .comment       0x0000000000000000       0x1b build_src/kernel_c.o
                                         0x1c (size before relaxing)
 .comment       0x000000000000001b       0x1c build_src/uart_c.o

.note.GNU-stack
                0x0000000000000000        0x0
 .note.GNU-stack
                0x0000000000000000        0x0 build_src/kernel_c.o
 .note.GNU-stack
                0x0000000000000000        0x0 build_src/uart_c.o

.riscv.attributes
                0x0000000000000000       0x46
 .riscv.attributes
                0x0000000000000000       0x42 build_src/kernel_c.o
 .riscv.attributes
                0x0000000000000042       0x42 build_src/uart_c.o
 .riscv.attributes
                0x0000000000000084       0x44 build_src/boot_s.o
